// Jest Snapshot v1, https://goo.gl/fbAQLP

exports[`changeObjectKey use replacer 1`] = `
Object {
  "UNITAREA_1-H_NATIONALITY": Array [
    "PRK",
    "SSD",
    "CAF",
    "COD",
    "GNB",
  ],
  "UNITCUST_1-HIGH_SCORE": "4",
  "UNITCUST_1-H_UNITNATURE": Array [
    "140",
  ],
  "UNITCUST_1-LOW_SCORE": "1",
  "UNITCUST_1-L_UNITNATURE": Array [
    "110",
    "120",
    "270",
  ],
  "UNITCUST_1-MEDIUM_SCORE": "2",
  "UNITCUST_1-M_UNITNATURE": Array [
    "280",
    "300",
    "360",
    "107",
  ],
  "UNITCUST_2-HIGH_SCORE": "3",
  "UNITCUST_2-H_BUSISOURCE": Array [
    "002",
    "1403",
  ],
  "UNITCUST_2-LOW_SCORE": "1",
  "UNITCUST_2-L_BUSISOURCE": Array [
    "000",
    "100",
  ],
  "UNITCUST_2-MEDIUM_SCORE": "2",
  "UNITCUST_2-M_BUSISOURCE": Array [
    "2202",
    "2203",
  ],
  "UNITCUST_3-HIGH_SCORE": "6",
  "UNITCUST_3-LOW_SCORE": "1",
  "UNITCUST_3-MEDIUM_SCORE": "2",
  "UNITCUST_4-C_TRADECOUNT-LT-YEAR": "1",
  "UNITCUST_4-HIGH_SCORE": "5",
  "UNITCUST_4-H_TRADECOUNT-GE-TRADE_COUNT": "3",
  "UNITCUST_4-LOW_SCORE": "1",
  "UNITCUST_4-MEDIUM_SCORE": "4",
  "UNITCUST_4-M_TRADECOUNT-LT-TRADE_COUNT": "3",
  "UNITCUST_4LYEAR": "1",
  "UNITCUST_4MYEAR": "1",
  "UNITCUST_5-HIGH_SCORE": "3",
  "UNITCUST_5-H_SHAREHOLDERTYPE": Array [
    "01",
    "02",
  ],
  "UNITCUST_5-LOW_SCORE": "1",
  "UNITCUST_5-L_SHAREHOLDERTYPE": Array [
    "07",
    "08",
    "09",
    "10",
    "11",
  ],
  "UNITCUST_5-MEDIUM_SCORE": "2",
  "UNITCUST_5-M_SHAREHOLDERTYPE": Array [
    "03",
    "04",
    "05",
    "06",
  ],
  "UNITCUST_6-HIGH_SCORE": "6",
  "UNITCUST_6-H_IDCHECK": Array [
    "101",
    "104",
    "105",
    "107",
    "108",
  ],
  "UNITCUST_6-LOW_SCORE": "1",
  "UNITCUST_6-L_IDCHECK": Array [
    "100",
  ],
  "UNITCUST_6-MEDIUM_SCORE": "2",
  "UNITCUST_6-M_IDCHECK": Array [
    "102",
    "103",
    "109",
    "106",
  ],
  "UNITCUST_7-HIGH_SCORE": "3",
  "UNITCUST_7-H_COMPANY-LE-TIME": "1",
  "UNITCUST_7-LOW_SCORE": "1",
  "UNITCUST_7-L_COMPANY-GT-TIME": "3",
  "UNITCUST_7-MEDIUM_SCORE": "2",
  "UNITCUST_7-M_COMPANY-LE-TIME": "3",
  "UNITCUST_7MCOMPANYLETIME": "1",
  "UNITIDSY_1-LOW_SCORE": "1",
  "UNITIDSY_1-MEDIUM_SCORE": "3",
  "UNITIDSY_2-HIGH_SCORE": "5",
  "UNITIDSY_2-H_JOBTITLE": Array [
    "01",
    "02",
    "03",
  ],
  "UNITIDSY_2-LOW_SCORE": "1",
  "UNITIDSY_2-MEDIUM_SCORE": "2",
  "busiNo": null,
  "custType": "4",
}
`;
